HI-TECH Software C Compiler 

Linker command line:

--edf=C:\Program Files (x86)\HI-TECH Software\PICC\9.81\dat\en_msgs.txt -cs \
  -h+spi_master.c.sym -z -Q16F877A -ol.obj -Mspi_master.c.map -E1 \
  -ACONST=00h-0FFhx32 -ACODE=00h-07FFhx4 -ASTRCODE=00h-01FFFh \
  -AENTRY=00h-0FFhx32 -ASTRING=00h-0FFhx32 -ABANK0=020h-06Fh \
  -ABANK1=0A0h-0EFh -ABANK2=0110h-016Fh -ABANK3=0190h-01EFh \
  -ARAM=020h-06Fh,0A0h-0EFh,0110h-016Fh,0190h-01EFh \
  -AABS1=020h-07Fh,0A0h-0EFh,0110h-016Fh,0190h-01EFh -ACOMMON=070h-07Fh \
  -ASFR0=00h-01Fh -ASFR1=080h-09Fh -ASFR2=0100h-010Fh -ASFR3=0180h-018Fh \
  -preset_vec=00h,intentry,init,end_init -ppowerup=CODE -pfunctab=CODE \
  -ACONFIG=02007h-02007h -pconfig=CONFIG -DCONFIG=2 -AIDLOC=02000h-02003h \
  -pidloc=IDLOC -DIDLOC=2 -AEEDATA=00h-0FFh/02100h -peeprom_data=EEDATA \
  -DEEDATA=2 -DCODE=2 -DSTRCODE=2 -DSTRING=2 -DCONST=2 -DENTRY=2 -k \
  startup.obj spi_master.c.obj 

Object code version is 3.10

Machine type is 16F877A



                Name                               Link     Load   Length Selector   Space Scale
startup.obj     end_init                              0        0        3        0       0
spi_master.c.obj
                config                             2007     2007        1     400E       0
                text83                              79A      79A       12      F34       0
                text82                              7AC      7AC       13      F58       0
                text81                              78E      78E        C      F1C       0
                maintext                            7BF      7BF       41      F7E       0
                cstackCOMMON                         70       70        1       70       1
                cinit                               78A      78A        4      F14       0

TOTAL           Name                               Link     Load   Length     Space
        CLASS   CONST          

        CLASS   CODE           
                end_init                              0        0        3         0
                text83                              79A      79A       12         0
                text82                              7AC      7AC       13         0
                text81                              78E      78E        C         0
                maintext                            7BF      7BF       41         0
                cinit                               78A      78A        4         0

        CLASS   STRCODE        

        CLASS   ENTRY          

        CLASS   STRING         

        CLASS   BANK0          

        CLASS   BANK1          

        CLASS   BANK2          

        CLASS   BANK3          

        CLASS   RAM            

        CLASS   ABS1           
                abs_s1                               7E       7E        2         1

        CLASS   COMMON         
                cstackCOMMON                         70       70        1         1

        CLASS   SFR0           

        CLASS   SFR1           

        CLASS   SFR2           

        CLASS   SFR3           

        CLASS   CONFIG         
                config                             2007     2007        1         0

        CLASS   IDLOC          

        CLASS   EEDATA         



SEGMENTS        Name                           Load    Length   Top    Selector   Space  Class     Delta

                reset_vec                      000000  000003  000003         0       0  CODE        2
                cstackCOMMON                   000070  000001  000071        70       1  COMMON      1
                cinit                          00078A  000004  00078E       F14       0  CODE        2
                text81                         00078E  00000C  00079A       F1C       0  CODE        2
                text83                         00079A  000012  0007AC       F34       0  CODE        2
                text82                         0007AC  000013  0007BF       F58       0  CODE        2
                maintext                       0007BF  000041  000800       F7E       0  CODE        2
                config                         002007  000001  002008      400E       0  CONFIG      2


UNUSED ADDRESS RANGES

        Name                Unused          Largest block    Delta
        BANK0            0020-006F             50           1
        BANK1            00A0-00EF             50           1
        BANK2            0110-016F             60           1
        BANK3            0190-01EF             60           1
        CODE             0003-0789            787           2
                         0800-1FFF            800
        COMMON           0071-007D              D           1
        CONST            0003-0789            100           2
                         0800-1FFF            100
        EEDATA           2100-21FF            100           2
        ENTRY            0003-0789            100           2
                         0800-1FFF            100
        IDLOC            2000-2003              4           2
        RAM              0020-006F             50           1
                         00A0-00EF             50
                         0110-016F             60
                         0190-01EF             60
        SFR0             0000-001F             20           1
        SFR1             0080-009F             20           1
        SFR2             0100-010F             10           1
        SFR3             0180-018F             10           1
        STRCODE          0003-0789            787           2
                         0800-1FFF           1800
        STRING           0003-0789            100           2
                         0800-1FFF            100

                                  Symbol Table

??_dealy              cstackCOMMON 0070
??_main               cstackCOMMON 0071
??_uart_init          cstackCOMMON 0070
??_uart_tx            cstackCOMMON 0070
?_dealy               cstackCOMMON 0070
?_main                cstackCOMMON 0070
?_uart_init           cstackCOMMON 0070
?_uart_tx             cstackCOMMON 0070
_RCIF                 (abs)        0065
_RCREG                (abs)        001A
_RCSTA                (abs)        0018
_SPBRG                (abs)        0099
_SPEN                 (abs)        00C7
_T1CKPS0              (abs)        0084
_T1CKPS1              (abs)        0085
_TMR1CS               (abs)        0081
_TMR1H                (abs)        000F
_TMR1IF               (abs)        0060
_TMR1L                (abs)        000E
_TMR1ON               (abs)        0080
_TRISC6               (abs)        043E
_TRISC7               (abs)        043F
_TXEN                 (abs)        04C5
_TXIF                 (abs)        0064
_TXREG                (abs)        0019
_TXSTA                (abs)        0098
__Habs1               abs1         0000
__Hbank0              bank0        0000
__Hbank1              bank1        0000
__Hbank2              bank2        0000
__Hbank3              bank3        0000
__Hcinit              cinit        0000
__Hclrtext            clrtext      0000
__Hcode               code         0000
__Hcommon             common       0000
__Hconfig             config       2008
__HcstackCOMMON       cstackCOMMON 0000
__Heeprom_data        eeprom_data  0000
__Hend_init           end_init     0003
__Hfunctab            functab      0000
__Hidloc              idloc        0000
__Hinit               init         0000
__Hintentry           intentry     0000
__Hmaintext           maintext     0000
__Hpowerup            powerup      0000
__Hram                ram          0000
__Hreset_vec          reset_vec    0000
__Hsfr0               sfr0         0000
__Hsfr1               sfr1         0000
__Hsfr2               sfr2         0000
__Hsfr3               sfr3         0000
__Hstrings            strings      0000
__Htext               text         0000
__Labs1               abs1         0000
__Lbank0              bank0        0000
__Lbank1              bank1        0000
__Lbank2              bank2        0000
__Lbank3              bank3        0000
__Lcinit              cinit        0000
__Lclrtext            clrtext      0000
__Lcode               code         0000
__Lcommon             common       0000
__Lconfig             config       2007
__LcstackCOMMON       cstackCOMMON 0000
__Leeprom_data        eeprom_data  0000
__Lend_init           end_init     0000
__Lfunctab            functab      0000
__Lidloc              idloc        0000
__Linit               init         0000
__Lintentry           intentry     0000
__Lmaintext           maintext     0000
__Lpowerup            powerup      0000
__Lram                ram          0000
__Lreset_vec          reset_vec    0000
__Lsfr0               sfr0         0000
__Lsfr1               sfr1         0000
__Lsfr2               sfr2         0000
__Lsfr3               sfr3         0000
__Lstrings            strings      0000
__Ltext               text         0000
__S0                  (abs)        2008
__S1                  (abs)        0071
__S2                  (abs)        0000
__end_of_dealy        text83       07AC
__end_of_main         maintext     0800
__end_of_uart_init    text82       07BF
__end_of_uart_tx      text81       079A
__pcstackCOMMON       cstackCOMMON 0070
__pmaintext           maintext     07BF
__ptext80             text80       0000
__ptext81             text81       078E
__ptext82             text82       07AC
__ptext83             text83       079A
__ptext84             text84       0000
__size_of_dealy       (abs)        0000
__size_of_main        (abs)        0000
__size_of_uart_init   (abs)        0000
__size_of_uart_tx     (abs)        0000
_dealy                text83       079A
_exit                 init         0000
_main                 maintext     07BF
_uart_init            text82       07AC
_uart_tx              text81       078E
btemp                 (abs)        007E
end_of_initialization cinit        078A
intlevel0             functab      0000
intlevel1             functab      0000
intlevel2             functab      0000
intlevel3             functab      0000
intlevel4             functab      0000
intlevel5             functab      0000
reset_vec             reset_vec    0000
start                 init         0000
start_initialization  cinit        078A
uart_tx@val           cstackCOMMON 0070
wtemp0                (abs)        007E
